[96.8.93.198/index.html]
[backblue.gif]
[fade.gif]
[index.html]
[96.8.93.198/favicon.ico]
[icons.wxug.com/scripts/modernizr/2.8.2/modernizr.min.js]
[cdnjs.cloudflare.com/ajax/libs/underscore.js/1.4.4/underscore-min.js]
[96.8.93.198/index.html]
[96.8.93.198/Storm/Severe/Bulletins.html]
[96.8.93.198/Help/Default.html]
[96.8.93.198/Default.html]
[96.8.93.198/Video/Player.html]
[96.8.93.198/National/Default.html]
[96.8.93.198/National/Weather.html]
[96.8.93.198/National/ForecastToday.html]
[96.8.93.198/National/ForecastTomorrow.html]
[96.8.93.198/National/Radar/Default.html]
[96.8.93.198/National/Radar/Current.html]
[96.8.93.198/National/Radar/Forecast.html]
[96.8.93.198/National/Radar/Summary.html]
[96.8.93.198/National/Radar/Yesterday.html]
[96.8.93.198/National/Radar/OneKM.html]
[96.8.93.198/National/Radar/Metro.html]
[96.8.93.198/National/Nexrad/Default.html]
[96.8.93.198/National/Nexrad/BaseReflectivity.html]
[96.8.93.198/National/Nexrad/RadialVelocity.html]
[96.8.93.198/National/Surface/Default.html]
[96.8.93.198/National/Surface/Current.html]
[96.8.93.198/National/Surface/Mixed.html]
[96.8.93.198/National/Surface/Forecast12.html]
[96.8.93.198/National/Surface/Forecast24.html]
[96.8.93.198/National/Surface/Forecast36.html]
[96.8.93.198/National/Surface/Forecast48.html]
[96.8.93.198/National/Satellite/Default.html]
[96.8.93.198/National/Satellite/Infrared.html]
[96.8.93.198/National/Satellite/Regional.html]
[96.8.93.198/National/Satellite/Visible.html]
[96.8.93.198/National/Satellite/WaterVapor.html]
[96.8.93.198/National/Temperature/Default.html]
[96.8.93.198/National/Temperature/Current.html]
[96.8.93.198/National/Temperature/HighToday.html]
[96.8.93.198/National/Temperature/HighTomorrow.html]
[96.8.93.198/National/Temperature/LowTomorrow.html]
[96.8.93.198/National/Temperature/TEMPcast.html]
[96.8.93.198/National/Temperature/WindChill.html]
[96.8.93.198/National/Temperature/Departure.html]
[96.8.93.198/National/Temperature/Extreme.html]
[96.8.93.198/National/Temperature/Departure10.html]
[96.8.93.198/National/Temperature/Departure30.html]
[96.8.93.198/National/Temperature/FrostFreeze.html]
[96.8.93.198/National/Temperature/Departure90.html]
[96.8.93.198/National/Temperature/FirstLastFreeze.html]
[96.8.93.198/National/Temperature/Delta.html]
[96.8.93.198/National/Outdoors/Default.html]
[96.8.93.198/National/Outdoors/SOLARcast.html]
[96.8.93.198/National/Outdoors/Summer.html]
[96.8.93.198/National/Outdoors/Gardening.html]
[96.8.93.198/National/Outdoors/Watering.html]
[96.8.93.198/National/Outdoors/Painting.html]
[96.8.93.198/National/Outdoors/Golfing.html]
[96.8.93.198/National/Outdoors/Turf.html]
[96.8.93.198/National/Outdoors/UltraViolet.html]
[96.8.93.198/National/Outdoors/Sky.html]
[96.8.93.198/National/Precipitation/Default.html]
[96.8.93.198/National/Precipitation/PrecipCast.html]
[96.8.93.198/National/Precipitation/RainCast.html]
[96.8.93.198/National/Precipitation/Estimated.html]
[96.8.93.198/National/Precipitation/PopCast.html]
[96.8.93.198/National/Precipitation/Daily.html]
[96.8.93.198/National/Precipitation/Weekly.html]
[96.8.93.198/National/Precipitation/Departure10.html]
[96.8.93.198/National/Precipitation/Departure30.html]
[96.8.93.198/National/Precipitation/Departure90.html]
[96.8.93.198/National/Wind/Default.html]
[96.8.93.198/National/Wind/Current.html]
[96.8.93.198/National/Wind/WINDcast.html]
[96.8.93.198/National/Wind/JetStream.html]
[96.8.93.198/National/Humidity/Default.html]
[96.8.93.198/National/Humidity/Current.html]
[96.8.93.198/National/Humidity/IndoorRelative.html]
[96.8.93.198/National/Humidity/HUMIDITYcast.html]
[96.8.93.198/National/Humidity/FOGcast.html]
[96.8.93.198/National/Humidity/DewPoint.html]
[96.8.93.198/National/Analysis/Default.html]
[96.8.93.198/National/Analysis/SuperFax.html]
[96.8.93.198/National/Analysis/UpperAir300.html]
[96.8.93.198/National/Analysis/UpperAir500.html]
[96.8.93.198/National/Analysis/UpperAir850.html]
[96.8.93.198/National/Analysis/Difax24.html]
[96.8.93.198/National/Analysis/Difax48.html]
[96.8.93.198/National/Analysis/Difax72.html]
[96.8.93.198/Global/Default.html]
[96.8.93.198/Global/Humidity.html]
[96.8.93.198/Global/Surface.html]
[96.8.93.198/Global/Satellite/Default.html]
[96.8.93.198/Global/Satellite/Current.html]
[96.8.93.198/Global/Satellite/Infrared.html]
[96.8.93.198/Global/Temperature/Default.html]
[96.8.93.198/Global/Temperature/Current.html]
[96.8.93.198/Global/Temperature/Minimum.html]
[96.8.93.198/Global/Temperature/Maximum.html]
[96.8.93.198/Global/Temperature/Sunshine.html]
[96.8.93.198/Global/Precipitation/Default.html]
[96.8.93.198/Global/Precipitation/Current.html]
[96.8.93.198/Global/Precipitation/ForecastAM.html]
[96.8.93.198/Global/Precipitation/ForecastPM.html]
[96.8.93.198/Global/Wind/Default.html]
[96.8.93.198/Global/Wind/Current.html]
[96.8.93.198/Global/Wind/Forecast.html]
[96.8.93.198/Storm/Default.html]
[96.8.93.198/Storm/Severe/Default.html]
[96.8.93.198/Storm/Severe/WatchesWarnings.html]
[96.8.93.198/Storm/Severe/OneKM.html]
[96.8.93.198/Storm/Severe/OutlookToday.html]
[96.8.93.198/Storm/Severe/Metro.html]
[96.8.93.198/Storm/Severe/OutlookTomorrow.html]
[96.8.93.198/Storm/Severe/Lightning.html]
[96.8.93.198/Storm/Severe/WaterVapor.html]
[96.8.93.198/Storm/Severe/ThunderCast.html]
[96.8.93.198/Storm/Hurricane/TropicalWinds24.html]
[96.8.93.198/Storm/Hurricane/TropicalWinds48.html]
[96.8.93.198/Storm/Hurricane/TropicalWinds72.html]
[96.8.93.198/Storm/Hurricane/AtlanticAnalysis.html]
[96.8.93.198/Storm/Hurricane/AtlanticSatellite.html]
[96.8.93.198/Storm/Hurricane/AtlanticForecast.html]
[96.8.93.198/Storm/Hurricane/CaribbeanSatellite.html]
[96.8.93.198/Storm/Hurricane/PacificAnalysis.html]
[96.8.93.198/Storm/Hurricane/PacificSatellite.html]
[96.8.93.198/Storm/Summary/Default.html]
[96.8.93.198/Storm/Summary/Hurricane2015.html]
[96.8.93.198/Storm/Summary/Hurricane2014.html]
[96.8.93.198/Storm/Summary/Hurricane2013.html]
[96.8.93.198/Storm/Summary/Hurricane2012.html]
[96.8.93.198/Storm/Summary/Hurricane2011.html]
[96.8.93.198/Storm/Summary/Hurricane2010.html]
[96.8.93.198/Storm/Summary/Hurricane2009.html]
[96.8.93.198/Storm/Summary/Hurricane2008.html]
[96.8.93.198/Storm/Summary/Hurricane2007.html]
[96.8.93.198/Storm/Summary/Hurricane2006.html]
[96.8.93.198/Storm/Summary/Hurricane2005.html]
[96.8.93.198/Storm/Summary/Hurricane2004.html]
[96.8.93.198/Storm/Summary/Hurricane2003.html]
[96.8.93.198/Storm/Summary/Hurricane2002.html]
[96.8.93.198/Storm/Summary/Hurricane2001.html]
[96.8.93.198/Storm/Summary/Hurricane2000.html]
[96.8.93.198/Storm/Summary/Hurricane1999.html]
[96.8.93.198/Storm/Summary/Hurricane1998.html]
[96.8.93.198/Health/Default.html]
[96.8.93.198/Health/AchesPains.html]
[96.8.93.198/Health/Air.html]
[96.8.93.198/Health/Attentiveness.html]
[96.8.93.198/Health/BadHairDay.html]
[96.8.93.198/Health/Influenza.html]
[96.8.93.198/Health/Labor.html]
[96.8.93.198/Health/Mood.html]
[96.8.93.198/Health/Reflex.html]
[96.8.93.198/Health/Respiratory.html]
[96.8.93.198/Travel/Default.html]
[96.8.93.198/Travel/Outlook.html]
[96.8.93.198/Travel/Risk.html]
[96.8.93.198/Travel/Flying/Default.html]
[96.8.93.198/Travel/Library/Browse.html]
[96.8.93.198/Travel/Driving/Highways.html]
[96.8.93.198/Travel/Driving/Road.html]
[96.8.93.198/Travel/Weather/Snow/Default.html]
[96.8.93.198/Travel/Driving/TopUpTopDown.html]
[96.8.93.198/Travel/Weather/Snow/Ski.html]
[96.8.93.198/Travel/Weather/Snow/Cover.html]
[96.8.93.198/Travel/Weather/Snow/SNOWcast.html]
[96.8.93.198/Travel/Weather/Snow/Forecast.html]
[96.8.93.198/Travel/Weather/Snow/Storm.html]
[96.8.93.198/Travel/Weather/Marine/Default.html]
[96.8.93.198/Travel/Weather/Marine/Sailing.html]
[96.8.93.198/Travel/Weather/Marine/Water.html]
[96.8.93.198/Travel/Weather/Marine/Waves.html]
[96.8.93.198/Travel/Weather/Marine/Forecast.html]
[96.8.93.198/National/Radar/Currente5e7.html]
[96.8.93.198/National/Radar/OneKMe5e7.html]
[96.8.93.198/National/Radar/Metroe5e7.html]
[96.8.93.198/Storm/Severe/Bulletins282e.html]
[96.8.93.198/Storm/Severe/Bulletinsac19.html]
[96.8.93.198/Storm/Severe/Bulletins7b0a.html]
[96.8.93.198/Storm/Severe/Bulletinsf1f5.html]
[96.8.93.198/Storm/Severe/Bulletins8e36.html]
[96.8.93.198/Storm/Severe/Bulletinse586.html]
[96.8.93.198/Storm/Severe/Bulletins1424.html]
[96.8.93.198/Storm/Severe/Bulletins6e57.html]
[96.8.93.198/Storm/Severe/Bulletinsbd33.html]
[96.8.93.198/Storm/Severe/Bulletins9a38.html]
[96.8.93.198/Storm/Severe/Bulletins927b.html]
[96.8.93.198/Storm/Severe/Bulletinscb2e.html]
[96.8.93.198/Storm/Severe/Bulletins98f7.html]
[96.8.93.198/Storm/Severe/Bulletinsf025.html]
[96.8.93.198/Storm/Severe/Bulletins1962.html]
[96.8.93.198/Storm/Severe/Bulletins26eb.html]
[96.8.93.198/Storm/Severe/Bulletins517c.html]
[96.8.93.198/Storm/Severe/Bulletinscff4.html]
[96.8.93.198/Storm/Severe/Bulletinsf28f.html]
[96.8.93.198/Storm/Severe/Bulletins839a.html]
[96.8.93.198/Storm/Severe/Bulletins64aa.html]
[96.8.93.198/Storm/Severe/Bulletins2cab.html]
[96.8.93.198/Storm/Severe/Bulletinsa96c.html]
[96.8.93.198/Storm/Severe/Bulletins4af7.html]
[96.8.93.198/Storm/Severe/Bulletins6aeb.html]
[96.8.93.198/Storm/Severe/Bulletinsebbf.html]
[96.8.93.198/Storm/Severe/Bulletins3d70.html]
[96.8.93.198/Storm/Severe/Bulletins2b22.html]
[96.8.93.198/Storm/Severe/Bulletins32e8.html]
[96.8.93.198/Storm/Severe/Bulletins33fd.html]
[96.8.93.198/Storm/Severe/Bulletins943a.html]
[96.8.93.198/Storm/Severe/Bulletinsd8c7.html]
[96.8.93.198/Storm/Severe/Bulletins6a44.html]
[96.8.93.198/Storm/Severe/Bulletinsa126.html]
[96.8.93.198/Storm/Severe/Bulletins0f8c.html]
[96.8.93.198/Storm/Severe/Bulletins2dfd.html]
[96.8.93.198/Storm/Severe/Bulletinsf0d3.html]
[96.8.93.198/Storm/Severe/Bulletinsa4f3.html]
[96.8.93.198/Storm/Severe/Bulletinscc7a.html]
[96.8.93.198/Storm/Severe/Bulletinsdb82.html]
[96.8.93.198/Storm/Severe/Bulletins133c.html]
[96.8.93.198/Storm/Severe/Bulletins67cb.html]
[96.8.93.198/Travel/Driving/Traffic.html]
[96.8.93.198/Travel/Destinations/Default.html]
[96.8.93.198/About/Default.html]
[icons.wxug.com/i/misc/adChoices.png]
[96.8.93.198/About/Terms.html]
[96.8.93.198/About/Privacy.html]
[cdnjs.cloudflare.com/ajax/libs/jcarousel/0.3.3/jquery.jcarousel.js]
[cdn.optimizely.com/js/878051086.js]
[96.8.93.198/Video/videos.css]
[www.adobe.com/images/shared/download_buttons/get_flash_player.gif]
[96.8.93.198/Redirectc1f0.html]
[www.wunderground.com/static/images/icast/intellicast-wu-map-banner-660x60.gif]
[96.8.93.198/Video/amp.premier/amp.premier.min.js]
[96.8.93.198/Video/icast.video.min.js]
[96.8.93.198/Storm/index.html]
[96.8.93.198/Storm/Severe/Bulletins.html]
[96.8.93.198/Storm/Severe/index.html]
[96.8.93.198/Storm/Severe/Bulletins84dd.html]
[96.8.93.198/Storm/Severe/Bulletins9227.html]
[96.8.93.198/Storm/Severe/Bulletins0298.html]
[96.8.93.198/Storm/Severe/Bulletinse9f7.html]
[96.8.93.198/Storm/Severe/Bulletins199f.html]
[96.8.93.198/Storm/Severe/Bulletins8447.html]
[96.8.93.198/Storm/Severe/Bulletins29a4.html]
[96.8.93.198/Storm/Severe/Bulletinsaf6d.html]
[96.8.93.198/Storm/Severe/Bulletinscd58.html]
[96.8.93.198/Storm/Severe/Bulletins5cec.html]
[96.8.93.198/Storm/Severe/Bulletins9fdf.html]
[96.8.93.198/Storm/Severe/Bulletinsf04f.html]
[96.8.93.198/Storm/Severe/Bulletins94be.html]
[96.8.93.198/Storm/Severe/Bulletins2852.html]
[96.8.93.198/Storm/Severe/Bulletinscc5d.html]
[96.8.93.198/Storm/Severe/Bulletinsf268.html]
[96.8.93.198/Storm/Severe/Bulletins73b4.html]
[96.8.93.198/Storm/Severe/Bulletinsce15.html]
[96.8.93.198/Storm/Severe/Bulletinsc62f.html]
[96.8.93.198/Storm/Severe/Bulletinse3df.html]
[96.8.93.198/Storm/Severe/Bulletins73ec.html]
[96.8.93.198/Storm/Severe/Bulletinsf670.html]
[96.8.93.198/Storm/Severe/Bulletinsebc0.html]
[96.8.93.198/Help/Default.html]
[96.8.93.198/Storm/Severe/Bulletinsf494.html]
[96.8.93.198/Storm/Severe/Bulletins958b.html]
[96.8.93.198/Storm/Severe/Bulletins8c63.html]
[96.8.93.198/Storm/Severe/Bulletins336a.html]
[96.8.93.198/Storm/Severe/Bulletins622f.html]
[96.8.93.198/Storm/Severe/Bulletinsff44.html]
[96.8.93.198/Storm/Severe/Bulletins1ac8.html]
[96.8.93.198/Storm/Severe/Bulletinsfb5d.html]
[96.8.93.198/Storm/Severe/Bulletinsa3b9.html]
[96.8.93.198/Storm/Severe/Bulletinsec0f.html]
[96.8.93.198/Storm/Severe/Bulletins437a.html]
[96.8.93.198/Storm/Severe/Bulletinscb4e.html]
[96.8.93.198/Storm/Severe/Bulletinsc18b.html]
[96.8.93.198/Storm/Severe/Bulletins1faa.html]
[96.8.93.198/Storm/Severe/Bulletins38a4.html]
[96.8.93.198/Storm/Severe/Bulletins628d.html]
[96.8.93.198/Storm/Severe/Bulletins2a73.html]
[96.8.93.198/Storm/Severe/Bulletins38a2.html]
[96.8.93.198/Storm/Severe/Bulletins23c9.html]
[96.8.93.198/Storm/Severe/Bulletinsf51c.html]
[96.8.93.198/Storm/Severe/Bulletinsab5d.html]
[96.8.93.198/Storm/Severe/Bulletins327f.html]
[96.8.93.198/Storm/Severe/Bulletins747b.html]
[96.8.93.198/Default.html]
[96.8.93.198/Storm/Severe/Bulletins8fc6.html]
[96.8.93.198/Storm/Severe/Bulletinsf18e.html]
[96.8.93.198/Storm/Severe/Bulletins55eb.html]
[96.8.93.198/Storm/Severe/Bulletinse817.html]
[96.8.93.198/Storm/Severe/Bulletinsa292.html]
[96.8.93.198/Storm/Severe/Bulletinsf88e.html]
[96.8.93.198/Storm/Severe/Bulletins7fb6.html]
[96.8.93.198/Storm/Severe/Bulletins77bf.html]
[96.8.93.198/Storm/Severe/Bulletinsd04c.html]
[96.8.93.198/Storm/Severe/Bulletins46c8.html]
[96.8.93.198/Storm/Severe/Bulletins2c11.html]
[96.8.93.198/Storm/Severe/Bulletins25c1.html]
[96.8.93.198/Storm/Severe/Bulletins523c.html]
[96.8.93.198/Storm/Severe/Bulletins1f71.html]
[96.8.93.198/Storm/Severe/Bulletins3da2.html]
[96.8.93.198/Storm/Severe/Bulletins9f27.html]
[96.8.93.198/Help/Map.html]
[96.8.93.198/Help/Faq.html]
[96.8.93.198/Help/Glossary.html]
[96.8.93.198/Help/QandA.html]
[96.8.93.198/Video/Player.html]
[96.8.93.198/Help/Quiz.html]
[96.8.93.198/Help/App.html]
[96.8.93.198/National/Default.html]
[96.8.93.198/National/index.html]
[96.8.93.198/National/Weather.html]
[96.8.93.198/National/Outdoors/SolarCast-2.html]
[96.8.93.198/National/ForecastToday.html]
[96.8.93.198/National/ForecastTomorrow.html]
[96.8.93.198/National/Radar/Default.html]
[96.8.93.198/National/Radar/Current.html]
[96.8.93.198/National/Radar/index.html]
[96.8.93.198/National/Radar/Current8a02.html]
[96.8.93.198/National/Radar/Current8c48.html]
[96.8.93.198/National/Radar/Current9d96.html]
[96.8.93.198/National/Radar/Current6104.html]
[96.8.93.198/National/Radar/Currentda1e.html]
[96.8.93.198/National/Radar/Current6968.html]
[96.8.93.198/National/Radar/Current1412.html]
[96.8.93.198/National/Radar/Currentbc35.html]
[96.8.93.198/National/Radar/Currentfba4.html]
[96.8.93.198/National/Radar/Currentfe3d.html]
[96.8.93.198/National/Radar/Current28bc.html]
[96.8.93.198/National/Radar/Forecast.html]
[96.8.93.198/National/Radar/Currente3ac.html]
[96.8.93.198/National/Radar/Current81a0.html]
[96.8.93.198/National/Radar/Current377e.html]
[96.8.93.198/National/Radar/Currentfd0b.html]
[96.8.93.198/National/Radar/Currente84c.html]
[96.8.93.198/National/Radar/Current87a3.html]
[96.8.93.198/National/Radar/Current6f53.html]
[96.8.93.198/National/Radar/Current742f.html]
[96.8.93.198/National/Radar/Current6c13.html]
[96.8.93.198/National/Radar/Current5bc1.html]
[96.8.93.198/National/Radar/Currentf171.html]
[96.8.93.198/National/Radar/Currentbe7d.html]
[96.8.93.198/National/Radar/Currentd22a.html]
[96.8.93.198/National/Radar/Currentcdba.html]
[96.8.93.198/National/Radar/Current68ad.html]
[96.8.93.198/National/Radar/Current2cef.html]
[96.8.93.198/National/Radar/Current267e.html]
[96.8.93.198/National/Radar/Currentd56f.html]
[96.8.93.198/National/Radar/Current7c57.html]
[96.8.93.198/National/Radar/Current91f4.html]
[96.8.93.198/National/Radar/Current8c39.html]
[96.8.93.198/National/Radar/Current4b3d.html]
[96.8.93.198/National/Radar/Current4a3a.html]
[96.8.93.198/National/Radar/Current73fb.html]
[96.8.93.198/National/Radar/Current61c0.html]
[96.8.93.198/National/Radar/Current8264.html]
[96.8.93.198/National/Radar/Forecaste8c0.html]
[96.8.93.198/National/Radar/Forecast3e88.html]
[96.8.93.198/National/Radar/Forecastfa43.html]
[96.8.93.198/National/Radar/Forecastec1d.html]
[96.8.93.198/National/Radar/Forecastf4a8.html]
[96.8.93.198/National/Radar/Forecast6ca7.html]
[96.8.93.198/National/Radar/Forecast8c48.html]
[96.8.93.198/National/Radar/Forecast1132.html]
[96.8.93.198/National/Radar/Forecast8a02.html]
[96.8.93.198/National/Radar/Forecast10b6.html]
[96.8.93.198/National/Radar/Forecast414b.html]
[96.8.93.198/National/Radar/Forecastefcf.html]
[96.8.93.198/National/Radar/Forecast16bd.html]
[96.8.93.198/National/Radar/Summary.html]
[96.8.93.198/National/Radar/Forecast28ab.html]
[96.8.93.198/National/Radar/Forecast2ae9.html]
[96.8.93.198/National/Radar/Forecastd924.html]
[96.8.93.198/National/Radar/Forecast9c52.html]
[96.8.93.198/National/Radar/Forecast28bc.html]
[96.8.93.198/National/Radar/Forecast81a0.html]
[96.8.93.198/National/Radar/Forecast377e.html]
[96.8.93.198/National/Radar/Forecastb74e.html]
[96.8.93.198/National/Radar/Forecaste84c.html]
[96.8.93.198/National/Radar/Forecast9be0.html]
[96.8.93.198/National/Radar/Forecast181a.html]
[96.8.93.198/National/Radar/Forecast6f53.html]
[96.8.93.198/National/Radar/Forecast52bb.html]
[96.8.93.198/National/Radar/Forecast7dc5.html]
[96.8.93.198/National/Radar/Forecast4f2b.html]
[96.8.93.198/National/Radar/Forecastf4cc.html]
[96.8.93.198/National/Radar/Forecast4af2.html]
[96.8.93.198/National/Radar/Forecast3a93.html]
[96.8.93.198/National/Radar/Forecastd4ae.html]
[96.8.93.198/National/Radar/Forecast5eab.html]
[96.8.93.198/National/Radar/Forecastc8d6.html]
[96.8.93.198/National/Radar/Forecast4541.html]
[96.8.93.198/National/Radar/Forecast8602.html]
[96.8.93.198/National/Radar/Forecastd56f.html]
[96.8.93.198/National/Radar/Forecastc5ea.html]
[96.8.93.198/National/Radar/Forecast91f4.html]
[96.8.93.198/National/Radar/Yesterday.html]
[96.8.93.198/National/Radar/Forecastf61a.html]
[96.8.93.198/National/Radar/Forecast4b3d.html]
[96.8.93.198/National/Radar/Forecast4a3a.html]
[96.8.93.198/National/Radar/Forecastcf74.html]
[96.8.93.198/National/Radar/Forecast1e5d.html]
[96.8.93.198/National/Radar/Forecast477b.html]
[96.8.93.198/National/Radar/Summary8c48.html]
[96.8.93.198/National/Radar/Summary8a02.html]
[96.8.93.198/National/Radar/Summary9d96.html]
[96.8.93.198/National/Radar/Summary6104.html]
[96.8.93.198/National/Radar/Summaryda1e.html]
[96.8.93.198/National/Radar/Summary6968.html]
[96.8.93.198/National/Radar/Summary1412.html]
[96.8.93.198/National/Radar/Summarybc35.html]
[96.8.93.198/National/Radar/Summaryfba4.html]
[96.8.93.198/National/Radar/Summaryfe3d.html]
[96.8.93.198/National/Radar/Summary28bc.html]
[96.8.93.198/National/Radar/Summary81a0.html]
[96.8.93.198/National/Radar/Summary377e.html]
[96.8.93.198/National/Radar/Summarye3ac.html]
[96.8.93.198/National/Radar/Summaryfd0b.html]
[96.8.93.198/National/Radar/Summarye84c.html]
[96.8.93.198/National/Radar/Summary87a3.html]
[96.8.93.198/National/Radar/Summary6f53.html]
[96.8.93.198/National/Radar/Summary742f.html]
[96.8.93.198/National/Radar/Summary6c13.html]
[96.8.93.198/National/Radar/Summary5bc1.html]
[96.8.93.198/National/Radar/Summaryf171.html]
[96.8.93.198/National/Radar/Summarybe7d.html]
[96.8.93.198/National/Radar/Summaryd22a.html]
[96.8.93.198/National/Radar/Summarycdba.html]
[96.8.93.198/National/Radar/Summary68ad.html]
[96.8.93.198/National/Radar/Summary2cef.html]
[96.8.93.198/National/Radar/Summary267e.html]
[96.8.93.198/National/Radar/Summaryd56f.html]
[96.8.93.198/National/Radar/Summary7c57.html]
[96.8.93.198/National/Radar/OneKM.html]
[96.8.93.198/National/Radar/Summary91f4.html]
[96.8.93.198/National/Radar/Summary8c39.html]
[96.8.93.198/National/Radar/Summary4b3d.html]
[96.8.93.198/National/Radar/Summary4a3a.html]
[96.8.93.198/National/Radar/Summary73fb.html]
[96.8.93.198/National/Radar/Summary61c0.html]
[96.8.93.198/National/Radar/Summary8264.html]
[96.8.93.198/National/Radar/Yesterday8c48.html]
[96.8.93.198/Storm/Severe/OneKm-2.html]
[96.8.93.198/National/Radar/Yesterday8a02.html]
[96.8.93.198/National/Radar/Yesterday9d96.html]
[96.8.93.198/National/Radar/Yesterday6104.html]
[96.8.93.198/National/Radar/Yesterdayda1e.html]
[96.8.93.198/National/Radar/Yesterday6968.html]
[96.8.93.198/National/Radar/Yesterday1412.html]
[96.8.93.198/National/Radar/Yesterdaybc35.html]
[96.8.93.198/National/Radar/Yesterdayfba4.html]
[96.8.93.198/National/Radar/Yesterdayfe3d.html]
[96.8.93.198/National/Radar/Yesterday28bc.html]
[96.8.93.198/National/Radar/Yesterday81a0.html]
[96.8.93.198/National/Radar/Yesterday377e.html]
[96.8.93.198/National/Radar/Yesterdaye3ac.html]
[96.8.93.198/National/Radar/Yesterdayfd0b.html]
[96.8.93.198/National/Radar/Metro.html]
[96.8.93.198/National/Radar/Yesterdaye84c.html]
[96.8.93.198/National/Radar/Yesterday87a3.html]
[96.8.93.198/National/Radar/Yesterday6f53.html]
[96.8.93.198/National/Radar/Yesterday742f.html]
[96.8.93.198/National/Radar/Yesterday6c13.html]
[96.8.93.198/National/Radar/Yesterday5bc1.html]
[96.8.93.198/National/Radar/Yesterdayf171.html]
[96.8.93.198/National/Radar/Yesterdayd22a.html]
[96.8.93.198/National/Radar/Yesterdaybe7d.html]
[96.8.93.198/National/Radar/Yesterdaycdba.html]
[96.8.93.198/National/Radar/Yesterday68ad.html]
[96.8.93.198/National/Radar/Yesterday2cef.html]
[96.8.93.198/National/Radar/Yesterday267e.html]
[96.8.93.198/National/Radar/Yesterdayd56f.html]
[96.8.93.198/National/Radar/Yesterday7c57.html]
[96.8.93.198/National/Radar/Yesterday91f4.html]
[96.8.93.198/National/Radar/Yesterday8c39.html]
[96.8.93.198/National/Radar/Yesterday4b3d.html]
[96.8.93.198/National/Radar/Yesterday4a3a.html]
[96.8.93.198/National/Radar/Yesterday73fb.html]
[96.8.93.198/National/Radar/Yesterday61c0.html]
[96.8.93.198/National/Radar/Yesterday8264.html]
[96.8.93.198/National/Radar/OneKMe8c0.html]
[96.8.93.198/National/Radar/OneKM3e88.html]
[96.8.93.198/National/Radar/OneKMfa43.html]
[96.8.93.198/National/Radar/OneKMec1d.html]
[96.8.93.198/National/Radar/OneKMf4a8.html]
[96.8.93.198/National/Radar/OneKM6ca7.html]
[96.8.93.198/National/Radar/OneKM8c48.html]
[96.8.93.198/National/Radar/OneKM1132.html]
[96.8.93.198/National/Radar/OneKM8a02.html]
[96.8.93.198/National/Radar/OneKM10b6.html]
[96.8.93.198/National/Radar/OneKM16bd.html]
[96.8.93.198/National/Radar/OneKM414b.html]
[96.8.93.198/National/Radar/OneKMefcf.html]
[96.8.93.198/National/Nexrad/Default.html]
[96.8.93.198/National/Radar/OneKM28ab.html]
[96.8.93.198/National/Radar/OneKM2ae9.html]
[96.8.93.198/National/Radar/OneKMd924.html]
[96.8.93.198/National/Radar/OneKM9c52.html]
[96.8.93.198/National/Radar/OneKM28bc.html]
[96.8.93.198/National/Radar/OneKM81a0.html]
[96.8.93.198/National/Radar/OneKM377e.html]
[96.8.93.198/National/Radar/OneKMb74e.html]
[96.8.93.198/National/Radar/OneKM9be0.html]
[96.8.93.198/National/Radar/OneKMe84c.html]
[96.8.93.198/National/Radar/OneKM181a.html]
[96.8.93.198/National/Radar/OneKM6f53.html]
[96.8.93.198/National/Radar/OneKM52bb.html]
[96.8.93.198/National/Radar/OneKM7dc5.html]
[96.8.93.198/National/Radar/OneKM4f2b.html]
[96.8.93.198/National/Radar/OneKMf4cc.html]
[96.8.93.198/National/Radar/OneKM4af2.html]
[96.8.93.198/National/Radar/OneKM3a93.html]
[96.8.93.198/National/Radar/OneKMd4ae.html]
[96.8.93.198/National/Radar/OneKM5eab.html]
[96.8.93.198/National/Radar/OneKMc8d6.html]
[96.8.93.198/National/Radar/OneKM4541.html]
[96.8.93.198/National/Radar/OneKM8602.html]
[96.8.93.198/National/Radar/OneKMd56f.html]
[96.8.93.198/National/Radar/OneKMc5ea.html]
[96.8.93.198/National/Radar/OneKM91f4.html]
[96.8.93.198/National/Radar/OneKMf61a.html]
[96.8.93.198/National/Radar/OneKM4b3d.html]
[96.8.93.198/National/Radar/OneKM4a3a.html]
[96.8.93.198/National/Radar/OneKMcf74.html]
[96.8.93.198/National/Radar/OneKM1e5d.html]
[96.8.93.198/National/Radar/OneKM477b.html]
[96.8.93.198/National/Radar/OneKm-2.html]
[96.8.93.198/National/Radar/Metrobdea.html]
[96.8.93.198/National/Radar/Metro1412.html]
[96.8.93.198/National/Radar/Metro822e.html]
[96.8.93.198/National/Radar/Metro80a1.html]
[96.8.93.198/National/Nexrad/BaseReflectivity.html]
[96.8.93.198/National/Radar/Metrofe42.html]
[96.8.93.198/National/Radar/Metrod56f.html]
[96.8.93.198/National/Radar/Metro28bc.html]
[96.8.93.198/National/Radar/Metro4be2.html]
[96.8.93.198/National/Radar/Metrof4df.html]
[96.8.93.198/National/Radar/Metro399b.html]
[96.8.93.198/National/Radar/Metroc8e9.html]
[96.8.93.198/National/Radar/Metro81c4.html]
[96.8.93.198/National/Radar/Metro6104.html]
[96.8.93.198/National/Radar/Metrocd06.html]
[96.8.93.198/National/Radar/Metro2e68.html]
[96.8.93.198/National/Radar/Metro4095.html]
[96.8.93.198/National/Radar/Metro71fd.html]
[96.8.93.198/National/Radar/Metro377e.html]
[96.8.93.198/National/Radar/Metro9e14.html]
[96.8.93.198/National/Radar/Metro11ba.html]
[96.8.93.198/National/Radar/Metrob299.html]
[96.8.93.198/National/Radar/Metro87a3.html]
[96.8.93.198/National/Radar/Metrobc62.html]
[96.8.93.198/National/Radar/Metrobcb9.html]
[96.8.93.198/National/Nexrad/RadialVelocity.html]
[96.8.93.198/National/Radar/Metro1831.html]
[96.8.93.198/National/Radar/Metro8596.html]
[96.8.93.198/National/Radar/Metrob1d2.html]
[96.8.93.198/National/Radar/Metro6785.html]
[96.8.93.198/National/Radar/Metro02b8.html]
[96.8.93.198/National/Radar/Metro437c.html]
[96.8.93.198/National/Radar/Metro6739.html]
[96.8.93.198/National/Radar/Metro1bad.html]
[96.8.93.198/National/Radar/Metroe884.html]
[96.8.93.198/National/Radar/Metro09cc.html]
[96.8.93.198/National/Radar/Metro0c34.html]
[96.8.93.198/National/Radar/Metro8538.html]
[96.8.93.198/National/Radar/Metro4c4d.html]
[96.8.93.198/National/Radar/Metro54b4.html]
[96.8.93.198/National/Surface/Default.html]
[96.8.93.198/National/Radar/Metro0d21.html]
[96.8.93.198/National/Radar/Metrob00a.html]
[96.8.93.198/National/Radar/Metro5136.html]
[96.8.93.198/National/Radar/Metro553e.html]
[96.8.93.198/National/Radar/Metrob9c7.html]
[96.8.93.198/National/Radar/Metro9718.html]
[96.8.93.198/National/Radar/Metro9583.html]
[96.8.93.198/National/Radar/Metrob96f.html]
[96.8.93.198/National/Radar/Metro6e6d.html]
[96.8.93.198/National/Radar/Metro6d49.html]
[96.8.93.198/National/Radar/Metrof8fc.html]
[96.8.93.198/National/Radar/Metro8675.html]
[96.8.93.198/National/Radar/Metro742f.html]
[96.8.93.198/National/Radar/Metro00ea.html]
[96.8.93.198/National/Radar/Metroa438.html]
[96.8.93.198/National/Radar/Metro0eb8.html]
[96.8.93.198/National/Radar/Metro9ca8.html]
[96.8.93.198/National/Radar/Metro6f86.html]
[96.8.93.198/National/Radar/Metro8c48.html]
[96.8.93.198/National/Radar/Metroa6e5.html]
[96.8.93.198/National/Radar/Metrof31b.html]
[96.8.93.198/National/Radar/Metrobe1c.html]
[96.8.93.198/National/Radar/Metro118d.html]
[96.8.93.198/National/Surface/Current.html]
[96.8.93.198/National/Nexrad/index.html]
[96.8.93.198/National/Nexrad/BaseReflectivityd4ae.html]
[96.8.93.198/National/Nexrad/BaseReflectivitye5e7.html]
[96.8.93.198/National/Nexrad/BaseReflectivity283b.html]
[96.8.93.198/National/Nexrad/BaseReflectivitya6ca.html]
[96.8.93.198/National/Nexrad/BaseReflectivity9743.html]
[96.8.93.198/National/Nexrad/BaseReflectivity188d.html]
[96.8.93.198/National/Nexrad/BaseReflectivity06ec.html]
[96.8.93.198/National/Nexrad/BaseReflectivityb7a9.html]
[96.8.93.198/National/Nexrad/BaseReflectivity0593.html]
[96.8.93.198/National/Nexrad/BaseReflectivity4382.html]
[96.8.93.198/National/Nexrad/BaseReflectivityf100.html]
[96.8.93.198/National/Surface/Mixed.html]
[96.8.93.198/National/Nexrad/BaseReflectivityd695.html]
[96.8.93.198/National/Nexrad/BaseReflectivity6a05.html]
[96.8.93.198/National/Nexrad/BaseReflectivity2361.html]
[96.8.93.198/National/Nexrad/BaseReflectivity192b.html]
[96.8.93.198/National/Nexrad/BaseReflectivityc9e9.html]
[96.8.93.198/National/Nexrad/BaseReflectivitybe7d.html]
[96.8.93.198/National/Nexrad/BaseReflectivity16de.html]
[96.8.93.198/National/Nexrad/BaseReflectivity6f53.html]
[96.8.93.198/National/Nexrad/BaseReflectivitydd0f.html]
[96.8.93.198/National/Nexrad/BaseReflectivityb14d.html]
[96.8.93.198/National/Nexrad/BaseReflectivityde61.html]
[96.8.93.198/National/Nexrad/BaseReflectivity5031.html]
[96.8.93.198/National/Nexrad/BaseReflectivity2e68.html]
[96.8.93.198/National/Nexrad/BaseReflectivityd86d.html]
[96.8.93.198/National/Nexrad/BaseReflectivity8020.html]
[96.8.93.198/National/Nexrad/BaseReflectivity8eab.html]
[96.8.93.198/National/Nexrad/BaseReflectivity6a87.html]
[96.8.93.198/National/Nexrad/BaseReflectivitye44e.html]
[96.8.93.198/National/Nexrad/BaseReflectivityf0bf.html]
[96.8.93.198/National/Nexrad/BaseReflectivitya44c.html]
[96.8.93.198/National/Nexrad/BaseReflectivity5063.html]
[96.8.93.198/National/Nexrad/BaseReflectivityb193.html]
[96.8.93.198/National/Nexrad/BaseReflectivityab73.html]
[96.8.93.198/National/Nexrad/BaseReflectivity346b.html]
[96.8.93.198/National/Surface/Forecast12.html]
[96.8.93.198/National/Surface/Forecast24.html]
[96.8.93.198/National/Surface/Forecast36.html]
[96.8.93.198/National/Surface/Forecast48.html]
[96.8.93.198/National/Satellite/Default.html]
[96.8.93.198/National/Satellite/Infrared.html]
[96.8.93.198/National/Satellite/Regional.html]
[96.8.93.198/National/Satellite/Visible.html]
[96.8.93.198/National/Satellite/WaterVapor.html]
[96.8.93.198/National/Temperature/Default.html]
[96.8.93.198/National/Temperature/Current.html]
[96.8.93.198/National/Temperature/HighToday.html]
[96.8.93.198/National/Temperature/HighTomorrow.html]
[96.8.93.198/National/Temperature/LowTomorrow.html]
[96.8.93.198/National/Temperature/TEMPcast.html]
[96.8.93.198/National/Temperature/WindChill.html]
[96.8.93.198/National/Temperature/Extreme.html]
[96.8.93.198/National/Temperature/Departure.html]
[96.8.93.198/National/Temperature/Departure10.html]
[96.8.93.198/National/Temperature/Departure30.html]
[96.8.93.198/National/Temperature/Departure90.html]
[96.8.93.198/National/Temperature/FrostFreeze.html]
[96.8.93.198/National/Temperature/FirstLastFreeze.html]
[96.8.93.198/National/Temperature/Delta.html]
[96.8.93.198/National/Outdoors/Default.html]
